Environment setup started: 2026-08-01T08:03:11.7804064Z
annotated-doc==0.0.4
annotated-types==0.7.0
anyio==4.14.0
certifi==2026.6.17
chardet==7.4.3
charset-normalizer==3.4.7
click==8.4.1
colorama==0.4.6
fastapi==0.138.0
h11==0.16.0
httpcore==1.0.9
httpx==0.28.1
idna==3.18
iniconfig==2.3.0
joblib==1.5.3
lxml==6.1.1
narwhals==2.22.1
numpy==2.4.6
packaging==26.2
pillow==12.2.0
pluggy==1.6.0
pydantic==2.13.4
pydantic_core==2.46.4
Pygments==2.20.0
pytest==9.1.1
python-docx==1.2.0
python-multipart==0.0.32
reportlab==5.0.0
requests==2.34.2
scikit-learn==1.9.0
scipy==1.18.0
starlette==1.3.1
threadpoolctl==3.6.0
typing-inspection==0.4.2
typing_extensions==4.15.0
urllib3==2.7.0
uvicorn==0.49.0

Final package state:
annotated-doc==0.0.4
annotated-types==0.7.0
anyio==4.14.0
certifi==2026.6.17
chardet==7.4.3
charset-normalizer==3.4.7
click==8.4.1
colorama==0.4.6
fastapi==0.138.0
h11==0.16.0
httpcore==1.0.9
httpx==0.28.1
idna==3.18
iniconfig==2.3.0
joblib==1.5.3
lxml==6.1.1
narwhals==2.22.1
numpy==2.4.6
packaging==26.2
pillow==12.2.0
pluggy==1.6.0
pydantic==2.13.4
pydantic_core==2.46.4
Pygments==2.20.0
pytest==9.1.1
python-docx==1.2.0
python-multipart==0.0.32
reportlab==5.0.0
requests==2.34.2
scikit-learn==1.9.0
scipy==1.18.0
starlette==1.3.1
threadpoolctl==3.6.0
typing-inspection==0.4.2
typing_extensions==4.15.0
urllib3==2.7.0
uvicorn==0.49.0
