INFO:     Will watch for changes in these directories: ['D:\\DRUG CONJUGATE\\drugscreen360\\backend']
INFO:     Uvicorn running on http://127.0.0.1:8000 (Press CTRL+C to quit)
INFO:     Started reloader process [18268] using StatReload
Process SpawnProcess-1:
Traceback (most recent call last):
  File "C:\Users\hafiz\AppData\Local\Programs\Python\Python312\Lib\multiprocessing\process.py", line 314, in _bootstrap
    self.run()
  File "C:\Users\hafiz\AppData\Local\Programs\Python\Python312\Lib\multiprocessing\process.py", line 108, in run
    self._target(*self._args, **self._kwargs)
  File "D:\DRUG CONJUGATE\drugscreen360\backend\.venv\Lib\site-packages\uvicorn\_subprocess.py", line 80, in subprocess_started
    target(sockets=sockets)
  File "D:\DRUG CONJUGATE\drugscreen360\backend\.venv\Lib\site-packages\uvicorn\server.py", line 75, in run
    return asyncio_run(self.serve(sockets=sockets), loop_factory=self.config.get_loop_factory())
           ^^^^^^^^^^^^^^^^^^^^^^^^^^^^^^^^^^^^^^^^^^^^^^^^^^^^^^^^^^^^^^^^^^^^^^^^^^^^^^^^^^^^^
  File "C:\Users\hafiz\AppData\Local\Programs\Python\Python312\Lib\asyncio\runners.py", line 195, in run
    return runner.run(main)
           ^^^^^^^^^^^^^^^^
  File "C:\Users\hafiz\AppData\Local\Programs\Python\Python312\Lib\asyncio\runners.py", line 118, in run
    return self._loop.run_until_complete(task)
           ^^^^^^^^^^^^^^^^^^^^^^^^^^^^^^^^^^^
  File "C:\Users\hafiz\AppData\Local\Programs\Python\Python312\Lib\asyncio\base_events.py", line 691, in run_until_complete
    return future.result()
           ^^^^^^^^^^^^^^^
  File "D:\DRUG CONJUGATE\drugscreen360\backend\.venv\Lib\site-packages\uvicorn\server.py", line 79, in serve
    await self._serve(sockets)
  File "D:\DRUG CONJUGATE\drugscreen360\backend\.venv\Lib\site-packages\uvicorn\server.py", line 86, in _serve
    config.load()
  File "D:\DRUG CONJUGATE\drugscreen360\backend\.venv\Lib\site-packages\uvicorn\config.py", line 474, in load
    ws_protocol_class = import_from_string(WS_PROTOCOLS.get(self.ws, self.ws))
                        ^^^^^^^^^^^^^^^^^^^^^^^^^^^^^^^^^^^^^^^^^^^^^^^^^^^^^^
  File "D:\DRUG CONJUGATE\drugscreen360\backend\.venv\Lib\site-packages\uvicorn\importer.py", line 22, in import_from_string
    raise exc from None
  File "D:\DRUG CONJUGATE\drugscreen360\backend\.venv\Lib\site-packages\uvicorn\importer.py", line 19, in import_from_string
    module = importlib.import_module(module_str)
             ^^^^^^^^^^^^^^^^^^^^^^^^^^^^^^^^^^^
  File "C:\Users\hafiz\AppData\Local\Programs\Python\Python312\Lib\importlib\__init__.py", line 90, in import_module
    return _bootstrap._gcd_import(name[level:], package, level)
           ^^^^^^^^^^^^^^^^^^^^^^^^^^^^^^^^^^^^^^^^^^^^^^^^^^^^
  File "<frozen importlib._bootstrap>", line 1387, in _gcd_import
  File "<frozen importlib._bootstrap>", line 1360, in _find_and_load
  File "<frozen importlib._bootstrap>", line 1331, in _find_and_load_unlocked
  File "<frozen importlib._bootstrap>", line 935, in _load_unlocked
  File "<frozen importlib._bootstrap_external>", line 999, in exec_module
  File "<frozen importlib._bootstrap>", line 488, in _call_with_frames_removed
  File "D:\DRUG CONJUGATE\drugscreen360\backend\.venv\Lib\site-packages\uvicorn\protocols\websockets\auto.py", line 19, in <module>
    from uvicorn.protocols.websockets.websockets_impl import WebSocketProtocol
  File "D:\DRUG CONJUGATE\drugscreen360\backend\.venv\Lib\site-packages\uvicorn\protocols\websockets\websockets_impl.py", line 11, in <module>
    import websockets.legacy.handshake
ModuleNotFoundError: No module named 'websockets.legacy'
